src/001_exec_bind.php:3 PhanPluginOraMissingBindVar Missing bind var :bar. Actual bind vars: (:baz)
src/001_exec_bind.php:3 PhanPluginOraUnexpectedBindVar Unexpected bind var :baz. Expected bind vars: (:bar)
src/002_get_select_rows.php:6 PhanTypeMismatchReturn Returning type array<int,array{bar:mixed,other:mixed,count(*):mixed}>|false but test() is declared to return string
src/003_distinct.php:4 PhanTypeMismatchArgumentInternal Argument 1 (string) is array<int,array{foo:mixed}>|false but \strlen() takes string
